// Jest Snapshot v1, https://goo.gl/fbAQLP

exports[`components Talks renders correctly 1`] = `
<div
  className="mb-3 card"
>
  <h5
    className="card-header"
  >
    Talks
  </h5>
  <div
    className="card-body"
  >
    <p
      className="card-text"
    >
      I used to hate talking in front of people, but after doing presentations for a while, at some point I started to like it. Still have plenty to learn though.
    </p>
  </div>
  <ul
    className="list-group list-group-flush"
  >
    <li
      className="list-group-item"
    >
      <a
        href="https://github.com/sirech/talks/raw/master/2018-01-rubyonice-maintainingrailsapps.pdf"
      >
        Ruby on Ice 2018 - Maintaining Rails Applications through the years
      </a>
    </li>
    <li
      className="list-group-item"
    >
      <a
        href="https://github.com/sirech/talks/raw/master/2017-11-tw-onboarding.pdf"
      >
        Welcoming new developers into a team
      </a>
    </li>
    <li
      className="list-group-item"
    >
      <a
        href="https://github.com/sirech/talks/blob/master/2017-04-rubygroupmunich-yai.pdf"
      >
        Assign PRs automatically with YAI
      </a>
    </li>
    <li
      className="list-group-item"
    >
      <a
        href="https://github.com/sirech/talks/raw/master/2017-03-es2017.pdf"
      >
        Intro to ES2017
      </a>
    </li>
    <li
      className="list-group-item"
    >
      <a
        href="https://github.com/sirech/talks/raw/master/2016-04-rubygroupmunich-rubocop.pdf"
      >
        Using RuboCop
      </a>
    </li>
    <li
      className="list-group-item"
    >
      <a
        href="https://github.com/sirech/talks/raw/master/2016-02-rubygroupmunich-mediumapps.pdf"
      >
        Ruby at XING
      </a>
    </li>
  </ul>
</div>
`;
